// Jest Snapshot v1, https://goo.gl/fbAQLP

exports[`Pruebas en <FirstApp/> debe hacer match con el snapshot 1`] = `
<div>
  <h1>
    Hola, Soy Goku
  </h1>
  <p>
    no hay subtitulo
  </p>
  <p>
    no hay nombre
  </p>
</div>
`;
